******************************************************************************
                  MSP430 Linker PC v16.9.11                    
******************************************************************************
>> Linked Wed Jul 10 16:27:06 2024

OUTPUT FILE NAME:   <lab4.out>
ENTRY POINT SYMBOL: "_c_int00_noargs_noexit"  address: 0000c98a


MEMORY CONFIGURATION

         name            origin    length      used     unused   attr    fill
----------------------  --------  ---------  --------  --------  ----  --------
  SFR                   00000000   00000010  00000000  00000010  RWIX
  PERIPHERALS_8BIT      00000010   000000f0  00000000  000000f0  RWIX
  PERIPHERALS_16BIT     00000100   00000100  00000000  00000100  RWIX
  RAM                   00000200   00000200  00000060  000001a0  RWIX
  INFOD                 00001000   00000040  00000000  00000040  RWIX
  INFOC                 00001040   00000040  00000000  00000040  RWIX
  INFOB                 00001080   00000040  00000000  00000040  RWIX
  INFOA                 000010c0   00000040  00000000  00000040  RWIX
  FLASH                 0000c000   00003fde  00000c56  00003388  RWIX
  BSLSIGNATURE          0000ffde   00000002  00000002  00000000  RWIX  ffff 
  INT00                 0000ffe0   00000002  00000002  00000000  RWIX
  INT01                 0000ffe2   00000002  00000000  00000002  RWIX
  INT02                 0000ffe4   00000002  00000002  00000000  RWIX
  INT03                 0000ffe6   00000002  00000002  00000000  RWIX
  INT04                 0000ffe8   00000002  00000000  00000002  RWIX
  INT05                 0000ffea   00000002  00000002  00000000  RWIX
  INT06                 0000ffec   00000002  00000002  00000000  RWIX
  INT07                 0000ffee   00000002  00000002  00000000  RWIX
  INT08                 0000fff0   00000002  00000002  00000000  RWIX
  INT09                 0000fff2   00000002  00000002  00000000  RWIX
  INT10                 0000fff4   00000002  00000002  00000000  RWIX
  INT11                 0000fff6   00000002  00000002  00000000  RWIX
  INT12                 0000fff8   00000002  00000002  00000000  RWIX
  INT13                 0000fffa   00000002  00000002  00000000  RWIX
  INT14                 0000fffc   00000002  00000002  00000000  RWIX
  RESET                 0000fffe   00000002  00000002  00000000  RWIX


SECTION ALLOCATION MAP

 output                                  attributes/
section   page    origin      length       input sections
--------  ----  ----------  ----------   ----------------
.bss       0    00000200    0000000a     UNINITIALIZED
                  00000200    00000006     (.common:timerInput)
                  00000206    00000002     (.common:lpm_mode)
                  00000208    00000002     (.common:state)

.data      0    0000020a    00000006     UNINITIALIZED
                  0000020a    00000006     main.obj (.data)

.stack     0    000003b0    00000050     UNINITIALIZED
                  000003b0    00000002     rts430_eabi.lib : boot.obj (.stack)
                  000003b2    0000004e     --HOLE--

.text      0    0000c000    00000b1a     
                  0000c000    00000184     halGPIO.obj (.text:USCI0RX_ISR)
                  0000c184    000000e2     api.obj (.text:measPOT)
                  0000c266    000000bc     halGPIO.obj (.text:lcd_init)
                  0000c322    00000092     main.obj (.text:main)
                  0000c3b4    0000007c     rts430_eabi.lib : copy_decompress_lzss.obj (.text:decompress:lzss:__TI_decompress_lzss)
                  0000c430    00000072     api.obj (.text:buzzer)
                  0000c4a2    0000006e     rts430_eabi.lib : autoinit.obj (.text:_auto_init)
                  0000c510    0000006c     api.obj (.text:to_string)
                  0000c57c    0000005a     rts430_eabi.lib : cpy_tbl.obj (.text:copy_in)
                  0000c5d6    00000058                     : div32u.obj (.text)
                  0000c62e    00000056     bsp.obj (.text:UARTconfig)
                  0000c684    00000054     halGPIO.obj (.text:lcd_data)
                  0000c6d8    00000052     rts430_eabi.lib : atoi.obj (.text:atoi)
                  0000c72a    0000004c                     : lsr16.obj (.text)
                  0000c776    00000046     bsp.obj (.text:GPIOconfig)
                  0000c7bc    00000042     api.obj (.text:count)
                  0000c7fe    00000040     rts430_eabi.lib : div32s.obj (.text)
                  0000c83e    0000003e     halGPIO.obj (.text:USCI0TX_ISR)
                  0000c87c    0000003c     halGPIO.obj (.text:lcd_cmd)
                  0000c8b8    0000003c     api.obj (.text:set_X)
                  0000c8f4    00000036     api.obj (.text:blinkRGB)
                  0000c92a    00000034     halGPIO.obj (.text:enterLPM)
                  0000c95e    0000002c     rts430_eabi.lib : lsl16.obj (.text)
                  0000c98a    0000001a                     : boot_special.obj (.text:_c_int00_noargs_noexit)
                  0000c9a4    00000016     halGPIO.obj (.text:lcd_puts)
                  0000c9ba    00000016     rts430_eabi.lib : div16u.obj (.text)
                  0000c9d0    00000016     halGPIO.obj (.text:sysConfig)
                  0000c9e6    00000014     halGPIO.obj (.text:DelayMs)
                  0000c9fa    00000014     rts430_eabi.lib : copy_zero_init.obj (.text:decompress:ZI:__TI_zero_init)
                  0000ca0e    00000014                     : mult16.obj (.text)
                  0000ca22    00000012     bsp.obj (.text:ADCconfig)
                  0000ca34    00000012     bsp.obj (.text:TIMER0_A0_config)
                  0000ca46    00000012     halGPIO.obj (.text:Timer0_A1_ISR)
                  0000ca58    00000012     rts430_eabi.lib : copy_decompress_none.obj (.text:decompress:none:__TI_decompress_none)
                  0000ca6a    00000012                     : memcpy.obj (.text:memcpy)
                  0000ca7c    00000010     bsp.obj (.text:TIMER1_A0_config)
                  0000ca8c    00000010     rts430_eabi.lib : epilog.obj (.text)
                  0000ca9c    0000000e     halGPIO.obj (.text:lcd_strobe)
                  0000caaa    0000000c     halGPIO.obj (.text:DelayUs)
                  0000cab6    0000000c     halGPIO.obj (.text:finishTimerA0)
                  0000cac2    0000000c     halGPIO.obj (.text:startTimerA0)
                  0000cace    00000008     halGPIO.obj (.text:ADC10_ISR)
                  0000cad6    00000008     rts430_eabi.lib : isr_trap.obj (.text:_isr:__TI_ISR_TRAP)
                  0000cade    00000008     halGPIO.obj (.text:disableTimerA1_bzr)
                  0000cae6    00000008     halGPIO.obj (.text:enableTimerA1_bzr)
                  0000caee    00000008     halGPIO.obj (.text:finishADC10)
                  0000caf6    00000008     halGPIO.obj (.text:finishTimerA1)
                  0000cafe    00000008     halGPIO.obj (.text:startADC10)
                  0000cb06    00000008     halGPIO.obj (.text:startTimerA1)
                  0000cb0e    00000006     rts430_eabi.lib : exit.obj (.text:abort)
                  0000cb14    00000004                     : pre_init.obj (.text:_system_pre_init)
                  0000cb18    00000002                     : startup.obj (.text:_system_post_cinit)

.binit     0    0000c000    00000000     

.const     0    0000cb1a    00000120     
                  0000cb1a    00000101     rts430_eabi.lib : ctype.obj (.const:.string:_ctypes_)
                  0000cc1b    00000001     --HOLE-- [fill = 0]
                  0000cc1c    00000010     api.obj (.const:.string)
                  0000cc2c    0000000e     api.obj (.const:$P$T0$1)

.cinit     0    0000cc3a    0000001c     
                  0000cc3a    0000000a     (.cinit..data.load) [load image]
                  0000cc44    00000006     (__TI_handler_table)
                  0000cc4a    00000004     (.cinit..bss.load) [load image, compression = zero_init]
                  0000cc4e    00000008     (__TI_cinit_table)

.init_array 
*          0    0000c000    00000000     UNINITIALIZED

TRAPINT    0    0000ffe0    00000002     
                  0000ffe0    00000002     rts430_eabi.lib : int00.obj (.int00)

PORT1      0    0000ffe4    00000002     
                  0000ffe4    00000002     rts430_eabi.lib : int02.obj (.int02)

PORT2      0    0000ffe6    00000002     
                  0000ffe6    00000002     rts430_eabi.lib : int03.obj (.int03)

$fill000   0    0000ffde    00000002     
                  0000ffde    00000002     --HOLE-- [fill = ffff]

ADC10      0    0000ffea    00000002     
                  0000ffea    00000002     halGPIO.obj (.int05)

USCIAB0TX 
*          0    0000ffec    00000002     
                  0000ffec    00000002     halGPIO.obj (.int06)

USCIAB0RX 
*          0    0000ffee    00000002     
                  0000ffee    00000002     halGPIO.obj (.int07)

TIMER0_A1 
*          0    0000fff0    00000002     
                  0000fff0    00000002     halGPIO.obj (.int08)

TIMER0_A0 
*          0    0000fff2    00000002     
                  0000fff2    00000002     rts430_eabi.lib : int09.obj (.int09)

WDT        0    0000fff4    00000002     
                  0000fff4    00000002     rts430_eabi.lib : int10.obj (.int10)

COMPARATORA 
*          0    0000fff6    00000002     
                  0000fff6    00000002     rts430_eabi.lib : int11.obj (.int11)

TIMER1_A1 
*          0    0000fff8    00000002     
                  0000fff8    00000002     rts430_eabi.lib : int12.obj (.int12)

TIMER1_A0 
*          0    0000fffa    00000002     
                  0000fffa    00000002     rts430_eabi.lib : int13.obj (.int13)

NMI        0    0000fffc    00000002     
                  0000fffc    00000002     rts430_eabi.lib : int14.obj (.int14)

.reset     0    0000fffe    00000002     
                  0000fffe    00000002     rts430_eabi.lib : boot.obj (.reset)

MODULE SUMMARY

       Module                     code   ro data   rw data
       ------                     ----   -------   -------
    .\source\
       halGPIO.obj                1022   8         0      
       api.obj                    628    30        0      
       bsp.obj                    208    0         0      
       main.obj                   146    0         16     
    +--+--------------------------+------+---------+---------+
       Total:                     2004   38        16     
                                                          
    C:\ti\ccs740\ccsv7\tools\compiler\ti-cgt-msp430_16.9.11.LTS\lib\rts430_eabi.lib
       ctype.obj                  0      257       0      
       copy_decompress_lzss.obj   124    0         0      
       autoinit.obj               110    0         0      
       cpy_tbl.obj                90     0         0      
       div32u.obj                 88     0         0      
       atoi.obj                   82     0         0      
       lsr16.obj                  76     0         0      
       div32s.obj                 64     0         0      
       lsl16.obj                  44     0         0      
       boot_special.obj           26     0         0      
       div16u.obj                 22     0         0      
       copy_zero_init.obj         20     0         0      
       mult16.obj                 20     0         0      
       copy_decompress_none.obj   18     0         0      
       memcpy.obj                 18     0         0      
       epilog.obj                 16     0         0      
       isr_trap.obj               8      0         0      
       exit.obj                   6      0         0      
       pre_init.obj               4      0         0      
       boot.obj                   0      2         0      
       int00.obj                  0      2         0      
       int02.obj                  0      2         0      
       int03.obj                  0      2         0      
       int09.obj                  0      2         0      
       int10.obj                  0      2         0      
       int11.obj                  0      2         0      
       int12.obj                  0      2         0      
       int13.obj                  0      2         0      
       int14.obj                  0      2         0      
       startup.obj                2      0         0      
    +--+--------------------------+------+---------+---------+
       Total:                     838    277       0      
                                                          
       Stack:                     0      0         80     
       Linker Generated:          0      28        0      
    +--+--------------------------+------+---------+---------+
       Grand Total:               2842   343       96     


LINKER GENERATED COPY TABLES

__TI_cinit_table @ 0000cc4e records: 2, size/record: 4, table size: 8
	.data: load addr=0000cc3a, load size=0000000a bytes, run addr=0000020a, run size=00000006 bytes, compression=copy
	.bss: load addr=0000cc4a, load size=00000004 bytes, run addr=00000200, run size=0000000a bytes, compression=zero_init


LINKER GENERATED HANDLER TABLE

__TI_handler_table @ 0000cc44 records: 3, size/record: 2, table size: 6
	index: 0, handler: __TI_zero_init
	index: 1, handler: __TI_decompress_lzss
	index: 2, handler: __TI_decompress_none


GLOBAL SYMBOLS: SORTED ALPHABETICALLY BY Name 

address   name                    
-------   ----                    
0000004a  ADC10AE0                
000001b0  ADC10CTL0               
000001b2  ADC10CTL1               
00000048  ADC10DTC0               
00000049  ADC10DTC1               
000001b4  ADC10MEM                
000001bc  ADC10SA                 
0000cace  ADC10_ISR               
0000ca22  ADCconfig               
00000057  BCSCTL1                 
00000058  BCSCTL2                 
00000053  BCSCTL3                 
0000cb0e  C$$EXIT                 
00000059  CACTL1                  
0000005a  CACTL2                  
000010fb  CALBC1_12MHZ            
000010f9  CALBC1_16MHZ            
000010ff  CALBC1_1MHZ             
000010fd  CALBC1_8MHZ             
000010fa  CALDCO_12MHZ            
000010f8  CALDCO_16MHZ            
000010fe  CALDCO_1MHZ             
000010fc  CALDCO_8MHZ             
0000005b  CAPD                    
00000056  DCOCTL                  
0000c9e6  DelayMs                 
0000caaa  DelayUs                 
00000128  FCTL1                   
0000012a  FCTL2                   
0000012c  FCTL3                   
0000c776  GPIOconfig              
00000000  IE1                     
00000001  IE2                     
00000002  IFG1                    
00000003  IFG2                    
00000022  P1DIR                   
00000025  P1IE                    
00000024  P1IES                   
00000023  P1IFG                   
00000020  P1IN                    
00000021  P1OUT                   
00000027  P1REN                   
00000026  P1SEL                   
00000041  P1SEL2                  
0000002a  P2DIR                   
0000002d  P2IE                    
0000002c  P2IES                   
0000002b  P2IFG                   
00000028  P2IN                    
00000029  P2OUT                   
0000002f  P2REN                   
0000002e  P2SEL                   
00000042  P2SEL2                  
0000001a  P3DIR                   
00000018  P3IN                    
00000019  P3OUT                   
00000010  P3REN                   
0000001b  P3SEL                   
00000043  P3SEL2                  
00000172  TA0CCR0                 
00000174  TA0CCR1                 
00000176  TA0CCR2                 
00000162  TA0CCTL0                
00000164  TA0CCTL1                
00000166  TA0CCTL2                
00000160  TA0CTL                  
0000012e  TA0IV                   
00000170  TA0R                    
00000192  TA1CCR0                 
00000194  TA1CCR1                 
00000196  TA1CCR2                 
00000182  TA1CCTL0                
00000184  TA1CCTL1                
00000186  TA1CCTL2                
00000180  TA1CTL                  
0000011e  TA1IV                   
00000190  TA1R                    
0000ca34  TIMER0_A0_config        
0000ca7c  TIMER1_A0_config        
000010db  TLV_ADC10_1_LEN         
000010da  TLV_ADC10_1_TAG         
000010c0  TLV_CHECKSUM            
000010f7  TLV_DCO_30_LEN          
000010f6  TLV_DCO_30_TAG          
0000ca46  Timer0_A1_ISR           
0000c62e  UARTconfig              
0000005d  UCA0ABCTL               
00000062  UCA0BR0                 
00000063  UCA0BR1                 
00000060  UCA0CTL0                
00000061  UCA0CTL1                
0000005f  UCA0IRRCTL              
0000005e  UCA0IRTCTL              
00000064  UCA0MCTL                
00000066  UCA0RXBUF               
00000065  UCA0STAT                
00000067  UCA0TXBUF               
0000006a  UCB0BR0                 
0000006b  UCB0BR1                 
00000068  UCB0CTL0                
00000069  UCB0CTL1                
0000006c  UCB0I2CIE               
00000118  UCB0I2COA               
0000011a  UCB0I2CSA               
0000006e  UCB0RXBUF               
0000006d  UCB0STAT                
0000006f  UCB0TXBUF               
0000c000  USCI0RX_ISR             
0000c83e  USCI0TX_ISR             
00000120  WDTCTL                  
0000020c  X                       
0000020e  X_flag                  
00000400  __STACK_END             
00000050  __STACK_SIZE            
UNDEFED   __TI_BINIT_Base         
UNDEFED   __TI_BINIT_Limit        
0000cc4e  __TI_CINIT_Base         
0000cc56  __TI_CINIT_Limit        
0000cc44  __TI_Handler_Table_Base 
0000cc4a  __TI_Handler_Table_Limit
UNDEFED   __TI_INITARRAY_Base     
UNDEFED   __TI_INITARRAY_Limit    
0000cad6  __TI_ISR_TRAP           
0000c3b4  __TI_decompress_lzss    
0000ca58  __TI_decompress_none    
0000ffe0  __TI_int00              
0000ffe4  __TI_int02              
0000ffe6  __TI_int03              
0000ffea  __TI_int05              
0000ffec  __TI_int06              
0000ffee  __TI_int07              
0000fff0  __TI_int08              
0000fff2  __TI_int09              
0000fff4  __TI_int10              
0000fff6  __TI_int11              
0000fff8  __TI_int12              
0000fffa  __TI_int13              
0000fffc  __TI_int14              
ffffffff  __TI_pprof_out_hndl     
ffffffff  __TI_prof_data_size     
ffffffff  __TI_prof_data_start    
0000c9fa  __TI_zero_init          
ffffffff  __c_args__              
0000c7fe  __mspabi_divli          
0000c9ba  __mspabi_divu           
0000c5d6  __mspabi_divul          
0000ca98  __mspabi_func_epilog_1  
0000ca96  __mspabi_func_epilog_2  
0000ca94  __mspabi_func_epilog_3  
0000ca92  __mspabi_func_epilog_4  
0000ca90  __mspabi_func_epilog_5  
0000ca8e  __mspabi_func_epilog_6  
0000ca8c  __mspabi_func_epilog_7  
0000ca0e  __mspabi_mpyi           
0000ca0e  __mspabi_mpyi_sw        
0000c7fe  __mspabi_remli          
0000c9ba  __mspabi_remu           
0000c5d6  __mspabi_remul          
0000c95e  __mspabi_slli           
0000c986  __mspabi_slli_1         
0000c974  __mspabi_slli_10        
0000c972  __mspabi_slli_11        
0000c970  __mspabi_slli_12        
0000c96e  __mspabi_slli_13        
0000c96c  __mspabi_slli_14        
0000c96a  __mspabi_slli_15        
0000c984  __mspabi_slli_2         
0000c982  __mspabi_slli_3         
0000c980  __mspabi_slli_4         
0000c97e  __mspabi_slli_5         
0000c97c  __mspabi_slli_6         
0000c97a  __mspabi_slli_7         
0000c978  __mspabi_slli_8         
0000c976  __mspabi_slli_9         
0000c72a  __mspabi_srli           
0000c770  __mspabi_srli_1         
0000c74c  __mspabi_srli_10        
0000c748  __mspabi_srli_11        
0000c744  __mspabi_srli_12        
0000c740  __mspabi_srli_13        
0000c73c  __mspabi_srli_14        
0000c738  __mspabi_srli_15        
0000c76c  __mspabi_srli_2         
0000c768  __mspabi_srli_3         
0000c764  __mspabi_srli_4         
0000c760  __mspabi_srli_5         
0000c75c  __mspabi_srli_6         
0000c758  __mspabi_srli_7         
0000c754  __mspabi_srli_8         
0000c750  __mspabi_srli_9         
0000c4a2  _auto_init              
0000c98a  _c_int00_noargs_noexit  
0000cb1a  _ctypes_                
0000fffe  _reset_vector           
000003b0  _stack                  
0000cb18  _system_post_cinit      
0000cb14  _system_pre_init        
0000cb0e  abort                   
0000c6d8  atoi                    
0000c8f4  blinkRGB                
0000c430  buzzer                  
0000c57c  copy_in                 
0000c7bc  count                   
0000cade  disableTimerA1_bzr      
0000cae6  enableTimerA1_bzr       
0000c92a  enterLPM                
0000caee  finishADC10             
0000cab6  finishTimerA0           
0000caf6  finishTimerA1           
0000c87c  lcd_cmd                 
0000c684  lcd_data                
0000c266  lcd_init                
0000c9a4  lcd_puts                
0000ca9c  lcd_strobe              
00000206  lpm_mode                
0000c322  main                    
0000c184  measPOT                 
0000ca6a  memcpy                  
0000020a  num                     
0000c8b8  set_X                   
0000cafe  startADC10              
0000cac2  startTimerA0            
0000cb06  startTimerA1            
00000208  state                   
0000c9d0  sysConfig               
00000200  timerInput              
0000c510  to_string               


GLOBAL SYMBOLS: SORTED BY Symbol Address 

address   name                    
-------   ----                    
00000000  IE1                     
00000001  IE2                     
00000002  IFG1                    
00000003  IFG2                    
00000010  P3REN                   
00000018  P3IN                    
00000019  P3OUT                   
0000001a  P3DIR                   
0000001b  P3SEL                   
00000020  P1IN                    
00000021  P1OUT                   
00000022  P1DIR                   
00000023  P1IFG                   
00000024  P1IES                   
00000025  P1IE                    
00000026  P1SEL                   
00000027  P1REN                   
00000028  P2IN                    
00000029  P2OUT                   
0000002a  P2DIR                   
0000002b  P2IFG                   
0000002c  P2IES                   
0000002d  P2IE                    
0000002e  P2SEL                   
0000002f  P2REN                   
00000041  P1SEL2                  
00000042  P2SEL2                  
00000043  P3SEL2                  
00000048  ADC10DTC0               
00000049  ADC10DTC1               
0000004a  ADC10AE0                
00000050  __STACK_SIZE            
00000053  BCSCTL3                 
00000056  DCOCTL                  
00000057  BCSCTL1                 
00000058  BCSCTL2                 
00000059  CACTL1                  
0000005a  CACTL2                  
0000005b  CAPD                    
0000005d  UCA0ABCTL               
0000005e  UCA0IRTCTL              
0000005f  UCA0IRRCTL              
00000060  UCA0CTL0                
00000061  UCA0CTL1                
00000062  UCA0BR0                 
00000063  UCA0BR1                 
00000064  UCA0MCTL                
00000065  UCA0STAT                
00000066  UCA0RXBUF               
00000067  UCA0TXBUF               
00000068  UCB0CTL0                
00000069  UCB0CTL1                
0000006a  UCB0BR0                 
0000006b  UCB0BR1                 
0000006c  UCB0I2CIE               
0000006d  UCB0STAT                
0000006e  UCB0RXBUF               
0000006f  UCB0TXBUF               
00000118  UCB0I2COA               
0000011a  UCB0I2CSA               
0000011e  TA1IV                   
00000120  WDTCTL                  
00000128  FCTL1                   
0000012a  FCTL2                   
0000012c  FCTL3                   
0000012e  TA0IV                   
00000160  TA0CTL                  
00000162  TA0CCTL0                
00000164  TA0CCTL1                
00000166  TA0CCTL2                
00000170  TA0R                    
00000172  TA0CCR0                 
00000174  TA0CCR1                 
00000176  TA0CCR2                 
00000180  TA1CTL                  
00000182  TA1CCTL0                
00000184  TA1CCTL1                
00000186  TA1CCTL2                
00000190  TA1R                    
00000192  TA1CCR0                 
00000194  TA1CCR1                 
00000196  TA1CCR2                 
000001b0  ADC10CTL0               
000001b2  ADC10CTL1               
000001b4  ADC10MEM                
000001bc  ADC10SA                 
00000200  timerInput              
00000206  lpm_mode                
00000208  state                   
0000020a  num                     
0000020c  X                       
0000020e  X_flag                  
000003b0  _stack                  
00000400  __STACK_END             
000010c0  TLV_CHECKSUM            
000010da  TLV_ADC10_1_TAG         
000010db  TLV_ADC10_1_LEN         
000010f6  TLV_DCO_30_TAG          
000010f7  TLV_DCO_30_LEN          
000010f8  CALDCO_16MHZ            
000010f9  CALBC1_16MHZ            
000010fa  CALDCO_12MHZ            
000010fb  CALBC1_12MHZ            
000010fc  CALDCO_8MHZ             
000010fd  CALBC1_8MHZ             
000010fe  CALDCO_1MHZ             
000010ff  CALBC1_1MHZ             
0000c000  USCI0RX_ISR             
0000c184  measPOT                 
0000c266  lcd_init                
0000c322  main                    
0000c3b4  __TI_decompress_lzss    
0000c430  buzzer                  
0000c4a2  _auto_init              
0000c510  to_string               
0000c57c  copy_in                 
0000c5d6  __mspabi_divul          
0000c5d6  __mspabi_remul          
0000c62e  UARTconfig              
0000c684  lcd_data                
0000c6d8  atoi                    
0000c72a  __mspabi_srli           
0000c738  __mspabi_srli_15        
0000c73c  __mspabi_srli_14        
0000c740  __mspabi_srli_13        
0000c744  __mspabi_srli_12        
0000c748  __mspabi_srli_11        
0000c74c  __mspabi_srli_10        
0000c750  __mspabi_srli_9         
0000c754  __mspabi_srli_8         
0000c758  __mspabi_srli_7         
0000c75c  __mspabi_srli_6         
0000c760  __mspabi_srli_5         
0000c764  __mspabi_srli_4         
0000c768  __mspabi_srli_3         
0000c76c  __mspabi_srli_2         
0000c770  __mspabi_srli_1         
0000c776  GPIOconfig              
0000c7bc  count                   
0000c7fe  __mspabi_divli          
0000c7fe  __mspabi_remli          
0000c83e  USCI0TX_ISR             
0000c87c  lcd_cmd                 
0000c8b8  set_X                   
0000c8f4  blinkRGB                
0000c92a  enterLPM                
0000c95e  __mspabi_slli           
0000c96a  __mspabi_slli_15        
0000c96c  __mspabi_slli_14        
0000c96e  __mspabi_slli_13        
0000c970  __mspabi_slli_12        
0000c972  __mspabi_slli_11        
0000c974  __mspabi_slli_10        
0000c976  __mspabi_slli_9         
0000c978  __mspabi_slli_8         
0000c97a  __mspabi_slli_7         
0000c97c  __mspabi_slli_6         
0000c97e  __mspabi_slli_5         
0000c980  __mspabi_slli_4         
0000c982  __mspabi_slli_3         
0000c984  __mspabi_slli_2         
0000c986  __mspabi_slli_1         
0000c98a  _c_int00_noargs_noexit  
0000c9a4  lcd_puts                
0000c9ba  __mspabi_divu           
0000c9ba  __mspabi_remu           
0000c9d0  sysConfig               
0000c9e6  DelayMs                 
0000c9fa  __TI_zero_init          
0000ca0e  __mspabi_mpyi           
0000ca0e  __mspabi_mpyi_sw        
0000ca22  ADCconfig               
0000ca34  TIMER0_A0_config        
0000ca46  Timer0_A1_ISR           
0000ca58  __TI_decompress_none    
0000ca6a  memcpy                  
0000ca7c  TIMER1_A0_config        
0000ca8c  __mspabi_func_epilog_7  
0000ca8e  __mspabi_func_epilog_6  
0000ca90  __mspabi_func_epilog_5  
0000ca92  __mspabi_func_epilog_4  
0000ca94  __mspabi_func_epilog_3  
0000ca96  __mspabi_func_epilog_2  
0000ca98  __mspabi_func_epilog_1  
0000ca9c  lcd_strobe              
0000caaa  DelayUs                 
0000cab6  finishTimerA0           
0000cac2  startTimerA0            
0000cace  ADC10_ISR               
0000cad6  __TI_ISR_TRAP           
0000cade  disableTimerA1_bzr      
0000cae6  enableTimerA1_bzr       
0000caee  finishADC10             
0000caf6  finishTimerA1           
0000cafe  startADC10              
0000cb06  startTimerA1            
0000cb0e  C$$EXIT                 
0000cb0e  abort                   
0000cb14  _system_pre_init        
0000cb18  _system_post_cinit      
0000cb1a  _ctypes_                
0000cc44  __TI_Handler_Table_Base 
0000cc4a  __TI_Handler_Table_Limit
0000cc4e  __TI_CINIT_Base         
0000cc56  __TI_CINIT_Limit        
0000ffe0  __TI_int00              
0000ffe4  __TI_int02              
0000ffe6  __TI_int03              
0000ffea  __TI_int05              
0000ffec  __TI_int06              
0000ffee  __TI_int07              
0000fff0  __TI_int08              
0000fff2  __TI_int09              
0000fff4  __TI_int10              
0000fff6  __TI_int11              
0000fff8  __TI_int12              
0000fffa  __TI_int13              
0000fffc  __TI_int14              
0000fffe  _reset_vector           
ffffffff  __TI_pprof_out_hndl     
ffffffff  __TI_prof_data_size     
ffffffff  __TI_prof_data_start    
ffffffff  __c_args__              
UNDEFED   __TI_BINIT_Base         
UNDEFED   __TI_BINIT_Limit        
UNDEFED   __TI_INITARRAY_Base     
UNDEFED   __TI_INITARRAY_Limit    

[227 symbols]
